2026-03-14 17:34:36,462 - INFO - ==================================================
2026-03-14 17:34:36,462 - INFO - 开始爬取竞赛规则
2026-03-14 17:34:36,463 - INFO - ==================================================
2026-03-14 17:34:36,470 - INFO - 从文档中提取了 0 个竞赛
2026-03-14 17:39:44,051 - INFO - ============================================================
2026-03-14 17:39:44,051 - INFO - 开始爬取竞赛规则
2026-03-14 17:39:44,052 - INFO - ============================================================
2026-03-14 17:39:44,060 - INFO - 从文档中提取了 0 个竞赛
2026-03-14 17:39:44,060 - ERROR - 未能从文档中提取到任何竞赛信息，请检查文档格式
2026-03-14 17:40:56,387 - INFO - ============================================================
2026-03-14 17:40:56,387 - INFO - 开始爬取竞赛规则
2026-03-14 17:40:56,388 - INFO - ============================================================
2026-03-14 17:40:56,397 - INFO - 从文档中提取了 50 个竞赛
2026-03-14 17:40:56,398 - INFO - \n[1/50] 处理: 中国国际大学生创新大赛
2026-03-14 17:40:56,398 - INFO - 开始爬取: 中国国际大学生创新大赛
2026-03-14 17:40:57,397 - INFO - 成功获取 中国国际大学生创新大赛 的规则信息 from https://cy.ncss.cn/
2026-03-14 17:40:57,398 - INFO - 已保存: competition_rules\中国国际大学生创新大赛.md
2026-03-14 17:40:59,399 - INFO - \n[2/50] 处理: “挑战杯”全国大学生课外学术科技作品竞赛
2026-03-14 17:40:59,399 - INFO - 开始爬取: “挑战杯”全国大学生课外学术科技作品竞赛
2026-03-14 17:41:00,222 - INFO - 成功获取 “挑战杯”全国大学生课外学术科技作品竞赛 的规则信息 from http://www.tiaozhanbei.net/
2026-03-14 17:41:00,223 - INFO - 已保存: competition_rules\“挑战杯”全国大学生课外学术科技作品竞赛.md
2026-03-14 17:41:02,224 - INFO - \n[3/50] 处理: “挑战杯”中国大学生创业计划大赛
2026-03-14 17:41:02,224 - INFO - 开始爬取: “挑战杯”中国大学生创业计划大赛
2026-03-14 17:41:04,186 - INFO - 成功获取 “挑战杯”中国大学生创业计划大赛 的规则信息 from http://www.chuangqingchun.net/
2026-03-14 17:41:08,929 - INFO - 成功获取 “挑战杯”中国大学生创业计划大赛 的规则信息 from http://www.chuangqingchun.net/
2026-03-14 17:41:10,430 - INFO - 已保存: competition_rules\“挑战杯”中国大学生创业计划大赛.md
2026-03-14 17:41:12,430 - INFO - \n[4/50] 处理: 全国大学生创新年会
2026-03-14 17:41:12,431 - INFO - 开始爬取: 全国大学生创新年会
2026-03-14 17:41:12,567 - INFO - 成功获取 全国大学生创新年会 的规则信息 from http://gjcxcy.bjtu.edu.cn/
2026-03-14 17:41:14,169 - INFO - 成功获取 全国大学生创新年会 的规则信息 from http://gjcxcy.bjtu.edu.cn/
2026-03-14 17:41:15,671 - INFO - 已保存: competition_rules\全国大学生创新年会.md
2026-03-14 17:41:17,672 - INFO - \n[5/50] 处理: 全国航空航天模型锦标赛
2026-03-14 17:41:17,672 - INFO - 开始爬取: 全国航空航天模型锦标赛
2026-03-14 17:41:18,487 - INFO - 成功获取 全国航空航天模型锦标赛 的规则信息 from https://www.sport.gov.cn/hgzx/
2026-03-14 17:41:20,175 - INFO - 成功获取 全国航空航天模型锦标赛 的规则信息 from https://www.sport.gov.cn/hgzx/
2026-03-14 17:41:21,676 - INFO - 已保存: competition_rules\全国航空航天模型锦标赛.md
2026-03-14 17:41:23,677 - INFO - \n[6/50] 处理: 全国周培源大学生力学竞赛
2026-03-14 17:41:23,677 - INFO - 开始爬取: 全国周培源大学生力学竞赛
2026-03-14 17:41:27,237 - INFO - 成功获取 全国周培源大学生力学竞赛 的规则信息 from http://zpy.cstam.org.cn/
2026-03-14 17:41:32,454 - INFO - 成功获取 全国周培源大学生力学竞赛 的规则信息 from http://zpy.cstam.org.cn/
2026-03-14 17:41:33,961 - INFO - 已保存: competition_rules\全国周培源大学生力学竞赛.md
2026-03-14 17:41:35,962 - INFO - \n[7/50] 处理: 全国大学生集成电路创新创业大赛
2026-03-14 17:41:35,962 - INFO - 开始爬取: 全国大学生集成电路创新创业大赛
2026-03-14 17:41:38,519 - INFO - 成功获取 全国大学生集成电路创新创业大赛 的规则信息 from http://univ.ciciec.com/
2026-03-14 17:41:38,520 - INFO - 已保存: competition_rules\全国大学生集成电路创新创业大赛.md
2026-03-14 17:41:40,521 - INFO - \n[8/50] 处理: iCAN大学生创新创业大赛
2026-03-14 17:41:40,521 - INFO - 开始爬取: iCAN大学生创新创业大赛
2026-03-14 17:41:42,633 - INFO - 成功获取 iCAN大学生创新创业大赛 的规则信息 from http://www.g-ican.com/
2026-03-14 17:41:44,134 - INFO - 已保存: competition_rules\iCAN大学生创新创业大赛.md
2026-03-14 17:41:46,135 - INFO - \n[9/50] 处理: 全国大学生物联网设计竞赛
2026-03-14 17:41:46,135 - INFO - 开始爬取: 全国大学生物联网设计竞赛
2026-03-14 17:41:46,472 - INFO - 成功获取 全国大学生物联网设计竞赛 的规则信息 from https://iot.sjtu.edu.cn/
2026-03-14 17:41:48,073 - INFO - 成功获取 全国大学生物联网设计竞赛 的规则信息 from https://iot.sjtu.edu.cn/
2026-03-14 17:41:49,575 - INFO - 已保存: competition_rules\全国大学生物联网设计竞赛.md
2026-03-14 17:41:51,575 - INFO - \n[10/50] 处理: 全国大学生嵌入式芯片与系统设计竞赛
2026-03-14 17:41:51,576 - INFO - 开始爬取: 全国大学生嵌入式芯片与系统设计竞赛
2026-03-14 17:41:52,205 - INFO - 成功获取 全国大学生嵌入式芯片与系统设计竞赛 的规则信息 from http://www.socchina.net/
2026-03-14 17:41:53,946 - INFO - 成功获取 全国大学生嵌入式芯片与系统设计竞赛 的规则信息 from http://www.socchina.net/
2026-03-14 17:41:55,448 - INFO - 已保存: competition_rules\全国大学生嵌入式芯片与系统设计竞赛.md
2026-03-14 17:41:57,448 - INFO - \n[11/50] 处理: “大唐杯”全国大学生新一代信息通信技术大赛
2026-03-14 17:41:57,448 - INFO - 开始爬取: “大唐杯”全国大学生新一代信息通信技术大赛
2026-03-14 17:42:05,172 - INFO - 成功获取 “大唐杯”全国大学生新一代信息通信技术大赛 的规则信息 from https://dtcup.dtxiaotangren.com
2026-03-14 17:42:07,104 - INFO - 成功获取 “大唐杯”全国大学生新一代信息通信技术大赛 的规则信息 from https://dtcup.dtxiaotangren.com
2026-03-14 17:42:08,605 - INFO - 已保存: competition_rules\“大唐杯”全国大学生新一代信息通信技术大赛.md
2026-03-14 17:42:10,606 - INFO - \n[12/50] 处理: 全国大学生机械创新设计大赛
2026-03-14 17:42:10,607 - INFO - 开始爬取: 全国大学生机械创新设计大赛
2026-03-14 17:42:11,719 - WARNING - HTTP 503: http://umic.ckcest.cn/
2026-03-14 17:42:12,772 - WARNING - HTTP 503: http://umic.ckcest.cn/
2026-03-14 17:42:13,841 - WARNING - HTTP 503: http://umic.ckcest.cn/
2026-03-14 17:42:16,415 - WARNING - HTTP 503: http://umic.ckcest.cn/
2026-03-14 17:42:17,524 - WARNING - HTTP 503: http://umic.ckcest.cn/
2026-03-14 17:42:18,545 - WARNING - HTTP 503: http://umic.ckcest.cn/
2026-03-14 17:42:20,046 - INFO - 已保存: competition_rules\全国大学生机械创新设计大赛.md
2026-03-14 17:42:22,047 - INFO - \n[13/50] 处理: 中国大学生工程实践与创新能力大赛
2026-03-14 17:42:22,047 - INFO - 开始爬取: 中国大学生工程实践与创新能力大赛
2026-03-14 17:42:22,178 - INFO - 成功获取 中国大学生工程实践与创新能力大赛 的规则信息 from http://www.gcxl.edu.cn/
2026-03-14 17:42:22,180 - INFO - 已保存: competition_rules\中国大学生工程实践与创新能力大赛.md
2026-03-14 17:42:24,180 - INFO - \n[14/50] 处理: 全国大学生先进成图技术与产品信息建模创新大赛
2026-03-14 17:42:24,181 - INFO - 开始爬取: 全国大学生先进成图技术与产品信息建模创新大赛
2026-03-14 17:42:28,640 - INFO - 成功获取 全国大学生先进成图技术与产品信息建模创新大赛 的规则信息 from http://www.chengtudasai.com/
2026-03-14 17:42:33,419 - INFO - 成功获取 全国大学生先进成图技术与产品信息建模创新大赛 的规则信息 from http://www.chengtudasai.com/
2026-03-14 17:42:33,420 - INFO - 已保存: competition_rules\全国大学生先进成图技术与产品信息建模创新大赛.md
2026-03-14 17:42:35,421 - INFO - \n[15/50] 处理: 全国三维数字化创新设计大赛
2026-03-14 17:42:35,422 - INFO - 开始爬取: 全国三维数字化创新设计大赛
2026-03-14 17:42:35,832 - INFO - 成功获取 全国三维数字化创新设计大赛 的规则信息 from https://3dds.3ddl.net/
2026-03-14 17:42:35,834 - INFO - 已保存: competition_rules\全国三维数字化创新设计大赛.md
2026-03-14 17:42:37,835 - INFO - \n[16/50] 处理: 中国大学生机械工程创新创意大赛
2026-03-14 17:42:37,835 - INFO - 开始爬取: 中国大学生机械工程创新创意大赛
2026-03-14 17:42:39,136 - INFO - 成功获取 中国大学生机械工程创新创意大赛 的规则信息 from http://www.gczbds.org
2026-03-14 17:42:42,376 - INFO - 成功获取 中国大学生机械工程创新创意大赛 的规则信息 from http://www.gczbds.org
2026-03-14 17:42:43,878 - INFO - 已保存: competition_rules\中国大学生机械工程创新创意大赛.md
2026-03-14 17:42:45,878 - INFO - \n[17/50] 处理: 中国高校智能机器人创意大赛
2026-03-14 17:42:45,879 - INFO - 开始爬取: 中国高校智能机器人创意大赛
2026-03-14 17:42:46,037 - INFO - 成功获取 中国高校智能机器人创意大赛 的规则信息 from http://www.robotcontest.cn/
2026-03-14 17:42:47,670 - INFO - 成功获取 中国高校智能机器人创意大赛 的规则信息 from http://www.robotcontest.cn/
2026-03-14 17:42:49,173 - INFO - 已保存: competition_rules\中国高校智能机器人创意大赛.md
2026-03-14 17:42:51,174 - INFO - \n[18/50] 处理: 国际大学生智能农业装备创新大赛
2026-03-14 17:42:51,175 - INFO - 开始爬取: 国际大学生智能农业装备创新大赛
2026-03-14 17:42:52,516 - INFO - 成功获取 国际大学生智能农业装备创新大赛 的规则信息 from http://uiaec.ujs.edu.cn
2026-03-14 17:42:52,517 - INFO - 已保存: competition_rules\国际大学生智能农业装备创新大赛.md
2026-03-14 17:42:54,518 - INFO - \n[19/50] 处理: 中美青年创客大赛
2026-03-14 17:42:54,518 - INFO - 开始爬取: 中美青年创客大赛
2026-03-14 17:42:54,621 - ERROR - 请求失败 (1/3): https://chinaus-maker.cscse.edu.cn/, 错误: HTTPSConnectionPool(host='chinaus-maker.cscse.edu.cn', port=443): Max retries exceeded with url: / (Caused by SSLError(SSLError(1, '[SSL: UNSAFE_LEGACY_RENEGOTIATION_DISABLED] unsafe legacy renegotiation disabled (_ssl.c:1032)')))
2026-03-14 17:42:56,786 - ERROR - 请求失败 (2/3): https://chinaus-maker.cscse.edu.cn/, 错误: HTTPSConnectionPool(host='chinaus-maker.cscse.edu.cn', port=443): Max retries exceeded with url: / (Caused by SSLError(SSLError(1, '[SSL: UNSAFE_LEGACY_RENEGOTIATION_DISABLED] unsafe legacy renegotiation disabled (_ssl.c:1032)')))
2026-03-14 17:42:58,876 - ERROR - 请求失败 (3/3): https://chinaus-maker.cscse.edu.cn/, 错误: HTTPSConnectionPool(host='chinaus-maker.cscse.edu.cn', port=443): Max retries exceeded with url: / (Caused by SSLError(SSLError(1, '[SSL: UNSAFE_LEGACY_RENEGOTIATION_DISABLED] unsafe legacy renegotiation disabled (_ssl.c:1032)')))
2026-03-14 17:43:02,468 - ERROR - 请求失败 (1/3): https://chinaus-maker.cscse.edu.cn/, 错误: HTTPSConnectionPool(host='chinaus-maker.cscse.edu.cn', port=443): Max retries exceeded with url: / (Caused by SSLError(SSLError(1, '[SSL: UNSAFE_LEGACY_RENEGOTIATION_DISABLED] unsafe legacy renegotiation disabled (_ssl.c:1032)')))
2026-03-14 17:43:04,553 - ERROR - 请求失败 (2/3): https://chinaus-maker.cscse.edu.cn/, 错误: HTTPSConnectionPool(host='chinaus-maker.cscse.edu.cn', port=443): Max retries exceeded with url: / (Caused by SSLError(SSLError(1, '[SSL: UNSAFE_LEGACY_RENEGOTIATION_DISABLED] unsafe legacy renegotiation disabled (_ssl.c:1032)')))
2026-03-14 17:43:06,618 - ERROR - 请求失败 (3/3): https://chinaus-maker.cscse.edu.cn/, 错误: HTTPSConnectionPool(host='chinaus-maker.cscse.edu.cn', port=443): Max retries exceeded with url: / (Caused by SSLError(SSLError(1, '[SSL: UNSAFE_LEGACY_RENEGOTIATION_DISABLED] unsafe legacy renegotiation disabled (_ssl.c:1032)')))
2026-03-14 17:43:10,120 - INFO - 已保存: competition_rules\中美青年创客大赛.md
2026-03-14 17:43:12,121 - INFO - \n[20/50] 处理: 全国大学生金相技能大赛
2026-03-14 17:43:12,121 - INFO - 开始爬取: 全国大学生金相技能大赛
2026-03-14 17:43:16,009 - INFO - 成功获取 全国大学生金相技能大赛 的规则信息 from https://www.jxds.tech/
2026-03-14 17:43:17,972 - INFO - 成功获取 全国大学生金相技能大赛 的规则信息 from https://www.jxds.tech/
2026-03-14 17:43:17,973 - INFO - 已保存: competition_rules\全国大学生金相技能大赛.md
2026-03-14 17:43:19,974 - INFO - \n[21/50] 处理: 全国大学生节能减排社会实践与科技竞赛
2026-03-14 17:43:19,974 - INFO - 开始爬取: 全国大学生节能减排社会实践与科技竞赛
2026-03-14 17:43:23,368 - INFO - 成功获取 全国大学生节能减排社会实践与科技竞赛 的规则信息 from http://www.jienengjianpai.org/
2026-03-14 17:43:23,370 - INFO - 已保存: competition_rules\全国大学生节能减排社会实践与科技竞赛.md
2026-03-14 17:43:25,370 - INFO - \n[22/50] 处理: 全国大学生电子设计竞赛
2026-03-14 17:43:25,371 - INFO - 开始爬取: 全国大学生电子设计竞赛
2026-03-14 17:43:26,944 - INFO - 成功获取 全国大学生电子设计竞赛 的规则信息 from http://www.nuedcchina.com/
2026-03-14 17:43:26,945 - INFO - 已保存: competition_rules\全国大学生电子设计竞赛.md
2026-03-14 17:43:28,946 - INFO - \n[23/50] 处理: 全国大学生智能汽车竞赛
2026-03-14 17:43:28,946 - INFO - 开始爬取: 全国大学生智能汽车竞赛
2026-03-14 17:43:29,204 - INFO - 成功获取 全国大学生智能汽车竞赛 的规则信息 from http://www.eepw.com.cn/event/action/freescale_car2012/
2026-03-14 17:43:29,206 - INFO - 已保存: competition_rules\全国大学生智能汽车竞赛.md
2026-03-14 17:43:31,206 - INFO - \n[24/50] 处理: “西门子杯”中国智能制造挑战赛
2026-03-14 17:43:31,206 - INFO - 开始爬取: “西门子杯”中国智能制造挑战赛
2026-03-14 17:43:31,818 - INFO - 成功获取 “西门子杯”中国智能制造挑战赛 的规则信息 from http://www.siemenscup-cimc.org.cn/
2026-03-14 17:43:31,820 - INFO - 已保存: competition_rules\“西门子杯”中国智能制造挑战赛.md
2026-03-14 17:43:33,820 - INFO - \n[25/50] 处理: 全国高校BIM毕业设计创新大赛
2026-03-14 17:43:33,821 - INFO - 开始爬取: 全国高校BIM毕业设计创新大赛
2026-03-14 17:43:37,836 - INFO - 成功获取 全国高校BIM毕业设计创新大赛 的规则信息 from https://gxbsxs.glodonedu.com/
2026-03-14 17:43:39,988 - INFO - 成功获取 全国高校BIM毕业设计创新大赛 的规则信息 from https://gxbsxs.glodonedu.com/
2026-03-14 17:43:41,490 - INFO - 已保存: competition_rules\全国高校BIM毕业设计创新大赛.md
2026-03-14 17:43:43,491 - INFO - \n[26/50] 处理: 全国大学生光电设计竞赛
2026-03-14 17:43:43,491 - INFO - 开始爬取: 全国大学生光电设计竞赛
2026-03-14 17:43:43,841 - INFO - 成功获取 全国大学生光电设计竞赛 的规则信息 from http://gd.p.moocollege.com/
2026-03-14 17:43:45,620 - INFO - 成功获取 全国大学生光电设计竞赛 的规则信息 from http://gd.p.moocollege.com/
2026-03-14 17:43:47,121 - INFO - 已保存: competition_rules\全国大学生光电设计竞赛.md
2026-03-14 17:43:49,122 - INFO - \n[27/50] 处理: 全国大学生化工设计竞赛
2026-03-14 17:43:49,122 - INFO - 开始爬取: 全国大学生化工设计竞赛
2026-03-14 17:43:49,547 - INFO - 成功获取 全国大学生化工设计竞赛 的规则信息 from http://iche.zju.edu.cn/
2026-03-14 17:43:49,548 - INFO - 已保存: competition_rules\全国大学生化工设计竞赛.md
2026-03-14 17:43:51,548 - INFO - \n[28/50] 处理: 全国大学生化学实验创新设计大赛
2026-03-14 17:43:51,549 - INFO - 开始爬取: 全国大学生化学实验创新设计大赛
2026-03-14 17:43:51,877 - INFO - 成功获取 全国大学生化学实验创新设计大赛 的规则信息 from https://cid.nju.edu.cn/
2026-03-14 17:43:53,488 - INFO - 成功获取 全国大学生化学实验创新设计大赛 的规则信息 from https://cid.nju.edu.cn/
2026-03-14 17:43:54,990 - INFO - 已保存: competition_rules\全国大学生化学实验创新设计大赛.md
2026-03-14 17:43:56,990 - INFO - \n[29/50] 处理: 全国大学生物理实验竞赛
2026-03-14 17:43:56,990 - INFO - 开始爬取: 全国大学生物理实验竞赛
2026-03-14 17:43:57,310 - INFO - 成功获取 全国大学生物理实验竞赛 的规则信息 from http://wlsycx.moocollege.com/
2026-03-14 17:43:59,055 - INFO - 成功获取 全国大学生物理实验竞赛 的规则信息 from http://wlsycx.moocollege.com/
2026-03-14 17:44:00,557 - INFO - 已保存: competition_rules\全国大学生物理实验竞赛.md
2026-03-14 17:44:02,558 - INFO - \n[30/50] 处理: 全国大学生数学建模竞赛
2026-03-14 17:44:02,558 - INFO - 开始爬取: 全国大学生数学建模竞赛
2026-03-14 17:44:17,574 - ERROR - 请求失败 (1/3): http://www.mcm.edu.cn/, 错误: HTTPConnectionPool(host='127.0.0.1', port=15556): Read timed out. (read timeout=15)
2026-03-14 17:44:19,780 - INFO - 成功获取 全国大学生数学建模竞赛 的规则信息 from http://www.mcm.edu.cn/
2026-03-14 17:44:21,282 - INFO - 已保存: competition_rules\全国大学生数学建模竞赛.md
2026-03-14 17:44:23,282 - INFO - \n[31/50] 处理: 美国大学生数学建模竞赛
2026-03-14 17:44:23,282 - INFO - 开始爬取: 美国大学生数学建模竞赛
2026-03-14 17:44:25,860 - INFO - 成功获取 美国大学生数学建模竞赛 的规则信息 from https://www.comap.com/contests/mcm-icm
2026-03-14 17:44:27,925 - INFO - 成功获取 美国大学生数学建模竞赛 的规则信息 from https://www.comap.com/contests/mcm-icm
2026-03-14 17:44:29,427 - INFO - 已保存: competition_rules\美国大学生数学建模竞赛.md
2026-03-14 17:44:31,428 - INFO - \n[32/50] 处理: 全国大学生统计建模大赛
2026-03-14 17:44:31,428 - INFO - 开始爬取: 全国大学生统计建模大赛
2026-03-14 17:44:33,693 - INFO - 成功获取 全国大学生统计建模大赛 的规则信息 from http://tjjmds.ai-learning.net/
2026-03-14 17:44:38,511 - INFO - 成功获取 全国大学生统计建模大赛 的规则信息 from http://tjjmds.ai-learning.net/
2026-03-14 17:44:38,512 - INFO - 已保存: competition_rules\全国大学生统计建模大赛.md
2026-03-14 17:44:40,513 - INFO - \n[33/50] 处理: 全国大学生生命科学竞赛（CULSC）
2026-03-14 17:44:40,513 - INFO - 开始爬取: 全国大学生生命科学竞赛（CULSC）
2026-03-14 17:44:42,209 - INFO - 成功获取 全国大学生生命科学竞赛（CULSC） 的规则信息 from https://www.culsc.cn/
2026-03-14 17:44:43,952 - INFO - 成功获取 全国大学生生命科学竞赛（CULSC） 的规则信息 from https://www.culsc.cn/
2026-03-14 17:44:45,453 - INFO - 已保存: competition_rules\全国大学生生命科学竞赛（CULSC）.md
2026-03-14 17:44:47,454 - INFO - \n[34/50] 处理: 全国高等院校数智化企业经营沙盘大赛
2026-03-14 17:44:47,454 - INFO - 开始爬取: 全国高等院校数智化企业经营沙盘大赛
2026-03-14 17:44:48,653 - WARNING - HTTP 503: http://spbk.seentao.com
2026-03-14 17:44:49,816 - WARNING - HTTP 503: http://spbk.seentao.com
2026-03-14 17:44:50,941 - WARNING - HTTP 503: http://spbk.seentao.com
2026-03-14 17:44:53,582 - WARNING - HTTP 503: http://spbk.seentao.com
2026-03-14 17:44:54,878 - WARNING - HTTP 503: http://spbk.seentao.com
2026-03-14 17:44:56,098 - WARNING - HTTP 503: http://spbk.seentao.com
2026-03-14 17:44:57,600 - INFO - 已保存: competition_rules\全国高等院校数智化企业经营沙盘大赛.md
2026-03-14 17:44:59,601 - INFO - \n[35/50] 处理: 全国大学生市场调查与分析大赛
2026-03-14 17:44:59,602 - INFO - 开始爬取: 全国大学生市场调查与分析大赛
2026-03-14 17:45:00,071 - INFO - 成功获取 全国大学生市场调查与分析大赛 的规则信息 from http://www.china-cssc.org/
2026-03-14 17:45:00,072 - INFO - 已保存: competition_rules\全国大学生市场调查与分析大赛.md
2026-03-14 17:45:02,073 - INFO - \n[36/50] 处理: 全国大学生电子商务“创新、创意及创业”挑战赛
2026-03-14 17:45:02,073 - INFO - 开始爬取: 全国大学生电子商务“创新、创意及创业”挑战赛
2026-03-14 17:45:12,361 - INFO - 成功获取 全国大学生电子商务“创新、创意及创业”挑战赛 的规则信息 from http://www.3chuang.net/
2026-03-14 17:45:13,863 - INFO - 已保存: competition_rules\全国大学生电子商务“创新、创意及创业”挑战赛.md
2026-03-14 17:45:15,863 - INFO - \n[37/50] 处理: 全国大学生物流设计大赛
2026-03-14 17:45:15,864 - INFO - 开始爬取: 全国大学生物流设计大赛
2026-03-14 17:45:16,068 - INFO - 成功获取 全国大学生物流设计大赛 的规则信息 from http://www.clpp.org.cn/
2026-03-14 17:45:17,570 - INFO - 已保存: competition_rules\全国大学生物流设计大赛.md
2026-03-14 17:45:19,571 - INFO - \n[38/50] 处理: 中国大学生服务外包创新创业大赛
2026-03-14 17:45:19,571 - INFO - 开始爬取: 中国大学生服务外包创新创业大赛
2026-03-14 17:45:21,064 - INFO - 成功获取 中国大学生服务外包创新创业大赛 的规则信息 from http://www.fwwb.org.cn/
2026-03-14 17:45:21,066 - INFO - 已保存: competition_rules\中国大学生服务外包创新创业大赛.md
2026-03-14 17:45:23,066 - INFO - \n[39/50] 处理: 全国大学生结构设计竞赛
2026-03-14 17:45:23,066 - INFO - 开始爬取: 全国大学生结构设计竞赛
2026-03-14 17:45:24,445 - INFO - 成功获取 全国大学生结构设计竞赛 的规则信息 from http://www.structurecontest.com/
2026-03-14 17:45:27,306 - INFO - 成功获取 全国大学生结构设计竞赛 的规则信息 from http://www.structurecontest.com/
2026-03-14 17:45:28,808 - INFO - 已保存: competition_rules\全国大学生结构设计竞赛.md
2026-03-14 17:45:30,809 - INFO - \n[40/50] 处理: 全国大学生广告艺术大赛
2026-03-14 17:45:30,809 - INFO - 开始爬取: 全国大学生广告艺术大赛
2026-03-14 17:45:31,226 - INFO - 成功获取 全国大学生广告艺术大赛 的规则信息 from https://www.sun-ada.net/
2026-03-14 17:45:32,823 - INFO - 成功获取 全国大学生广告艺术大赛 的规则信息 from https://www.sun-ada.net/
2026-03-14 17:45:32,824 - INFO - 已保存: competition_rules\全国大学生广告艺术大赛.md
2026-03-14 17:45:34,824 - INFO - \n[41/50] 处理: 中国大学生计算机设计大赛
2026-03-14 17:45:34,825 - INFO - 开始爬取: 中国大学生计算机设计大赛
2026-03-14 17:45:34,945 - INFO - 成功获取 中国大学生计算机设计大赛 的规则信息 from http://jsjds.blcu.edu.cn/
2026-03-14 17:45:34,946 - INFO - 已保存: competition_rules\中国大学生计算机设计大赛.md
2026-03-14 17:45:36,947 - INFO - \n[42/50] 处理: 国际大学生程序设计竞赛（ICPC）
2026-03-14 17:45:36,947 - INFO - 开始爬取: 国际大学生程序设计竞赛（ICPC）
2026-03-14 17:45:38,074 - INFO - 成功获取 国际大学生程序设计竞赛（ICPC） 的规则信息 from https://icpc.global/
2026-03-14 17:45:39,853 - INFO - 成功获取 国际大学生程序设计竞赛（ICPC） 的规则信息 from https://icpc.global/
2026-03-14 17:45:41,355 - INFO - 已保存: competition_rules\国际大学生程序设计竞赛（ICPC）.md
2026-03-14 17:45:43,355 - INFO - \n[43/50] 处理: 全国大学生信息安全竞赛
2026-03-14 17:45:43,356 - INFO - 开始爬取: 全国大学生信息安全竞赛
2026-03-14 17:45:43,868 - INFO - 成功获取 全国大学生信息安全竞赛 的规则信息 from http://www.ciscn.cn/
2026-03-14 17:45:43,869 - INFO - 已保存: competition_rules\全国大学生信息安全竞赛.md
2026-03-14 17:45:45,870 - INFO - \n[44/50] 处理: 中国高校计算机大赛
2026-03-14 17:45:45,871 - INFO - 开始爬取: 中国高校计算机大赛
2026-03-14 17:45:46,055 - INFO - 成功获取 中国高校计算机大赛 的规则信息 from http://www.c4best.cn/
2026-03-14 17:45:47,557 - INFO - 已保存: competition_rules\中国高校计算机大赛.md
2026-03-14 17:45:49,557 - INFO - \n[45/50] 处理: 中国机器人及人工智能大赛
2026-03-14 17:45:49,558 - INFO - 开始爬取: 中国机器人及人工智能大赛
2026-03-14 17:45:53,283 - INFO - 成功获取 中国机器人及人工智能大赛 的规则信息 from https://developer.apollo.auto/
2026-03-14 17:45:58,135 - INFO - 成功获取 中国机器人及人工智能大赛 的规则信息 from https://developer.apollo.auto/
2026-03-14 17:45:59,637 - INFO - 已保存: competition_rules\中国机器人及人工智能大赛.md
2026-03-14 17:46:01,637 - INFO - \n[46/50] 处理: 全国大学生计算机系统能力大赛
2026-03-14 17:46:01,638 - INFO - 开始爬取: 全国大学生计算机系统能力大赛
2026-03-14 17:46:03,052 - INFO - 成功获取 全国大学生计算机系统能力大赛 的规则信息 from https://compiler.educg.net/
2026-03-14 17:46:04,609 - INFO - 成功获取 全国大学生计算机系统能力大赛 的规则信息 from https://compiler.educg.net/
2026-03-14 17:46:06,111 - INFO - 已保存: competition_rules\全国大学生计算机系统能力大赛.md
2026-03-14 17:46:08,112 - INFO - \n[47/50] 处理: 全球校园人工智能算法精英大赛
2026-03-14 17:46:08,112 - INFO - 开始爬取: 全球校园人工智能算法精英大赛
2026-03-14 17:46:09,897 - INFO - 成功获取 全球校园人工智能算法精英大赛 的规则信息 from https://developer.huawei.com/
2026-03-14 17:46:11,588 - INFO - 成功获取 全球校园人工智能算法精英大赛 的规则信息 from https://developer.huawei.com/consumer/cn/activity/digixActivity/digixdetail/101655281685926449?ha_source=HR&ha_sourceId=89000452
2026-03-14 17:46:13,089 - INFO - 已保存: competition_rules\全球校园人工智能算法精英大赛.md
2026-03-14 17:46:15,090 - INFO - \n[48/50] 处理: “外研社·国才杯”“理解当代中国”全国大学生外语能力大赛
2026-03-14 17:46:15,090 - INFO - 开始爬取: “外研社·国才杯”“理解当代中国”全国大学生外语能力大赛
2026-03-14 17:46:15,225 - INFO - 成功获取 “外研社·国才杯”“理解当代中国”全国大学生外语能力大赛 的规则信息 from http://uchallenge.unipus.cn/
2026-03-14 17:46:15,226 - INFO - 已保存: competition_rules\“外研社·国才杯”“理解当代中国”全国大学生外语能力大赛.md
2026-03-14 17:46:17,227 - INFO - \n[49/50] 处理: “21世纪杯”全国英语演讲比赛
2026-03-14 17:46:17,227 - INFO - 开始爬取: “21世纪杯”全国英语演讲比赛
2026-03-14 17:46:23,631 - INFO - 成功获取 “21世纪杯”全国英语演讲比赛 的规则信息 from https://contest.i21st.cn/
2026-03-14 17:46:25,161 - INFO - 成功获取 “21世纪杯”全国英语演讲比赛 的规则信息 from https://contest.i21st.cn/
2026-03-14 17:46:26,663 - INFO - 已保存: competition_rules\“21世纪杯”全国英语演讲比赛.md
2026-03-14 17:46:28,664 - INFO - \n[50/50] 处理: 中国大学生方程式系列赛事
2026-03-14 17:46:28,664 - INFO - 开始爬取: 中国大学生方程式系列赛事
2026-03-14 17:46:28,928 - INFO - 成功获取 中国大学生方程式系列赛事 的规则信息 from http://www.formulastudent.com.cn/
2026-03-14 17:46:28,930 - INFO - 已保存: competition_rules\中国大学生方程式系列赛事.md
2026-03-14 17:46:30,931 - INFO - 已生成汇总文档: README.md
2026-03-14 17:46:30,931 - INFO - \n============================================================
2026-03-14 17:46:30,932 - INFO - 爬取完成!
2026-03-14 17:46:30,932 - INFO - 结果保存在: D:\github_AI\ascend-rag-assistant\data\竞赛规则\competition_rules
2026-03-14 17:46:30,932 - INFO - 总计: 50 个竞赛
2026-03-14 17:46:30,932 - INFO - 成功: 47 个
2026-03-14 17:46:30,932 - INFO - ============================================================
